
> cryptocurrency-tracker@0.0.0 build
> vite build

[36mvite v7.3.1 [32mbuilding client environment for production...[36m[39m
transforming...
[32mΓ£ô[39m 1819 modules transformed.
rendering chunks...
computing gzip size...
[2mdist/[22m[32mindex.html                        [39m[1m[2m  0.64 kB[22m[1m[22m[2m Γöé gzip:   0.35 kB[22m
[2mdist/[22m[32massets/logo.png-Bm6KBrHf.jpg      [39m[1m[2m104.14 kB[22m[1m[22m
[2mdist/[22m[35massets/index-DpEb3MhF.css         [39m[1m[2m 28.93 kB[22m[1m[22m[2m Γöé gzip:   5.88 kB[22m
[2mdist/[22m[36massets/index-C7fQ5LgB.js          [39m[1m[2m 41.56 kB[22m[1m[22m[2m Γöé gzip:  11.30 kB[22m
[2mdist/[22m[36massets/vendor-BQtDcwWl.js         [39m[1m[2m405.05 kB[22m[1m[22m[2m Γöé gzip: 120.91 kB[22m
[2mdist/[22m[36massets/vendor-charts-Bl53ixFq.js  [39m[1m[2m479.61 kB[22m[1m[22m[2m Γöé gzip: 131.85 kB[22m
[32mΓ£ô built in 8.14s[39m
